ok K001.rar 0f119ebdb28f
ok K002.rar 1040da8b74d1
ok K003.rar d7d1edf6047f
ok K004.rar 97242542046c
ok K005.rar 2faf0ee4ee66
ok K006.rar 250b8e0ef180
ok KA04.rar 6fc317157e2c
ok KA15.rar 2914d003a7a7
ok KA16.rar 3e300d2e3402
ok KA22.rar 95790035ebe5
ok KA30.rar cbe1810281a7
ok KB23.rar a07e976b2854
ok KB24.rar ae5928ee2ed0
ok KB27.rar 738b9c332b31
ok KI04.rar 8fde861a9cea
ok KI14.rar 16911b5f8c72
ok KI16.rar f7f4ce4feffc
ok KI17.rar d80dbdb612cf
ok KI18.rar 37b9b17c392d
ok KI21.rar 1e3c563fa1d1
wrote configs/paderborn_sha256.txt
