fitting on 60 min of simulated healthy operation ...
model=pca threshold=3.822 raise_after=10 fs=1000 Hz window=1000 hop=500 chunk=50
SIMULATED stream, injected faults: imbalance @ 50-85 s, bearing_outer_race @ 120-170 s
 t [s]  vib rms   temp   curr  score/threshold        state       infer
     1    0.154   54.5   8.80  .................... OK         42.5us
     2    0.166   54.5   8.79  #................... OK         41.9us
     3    0.178   54.5   8.75  #................... OK         40.4us
     4    0.191   54.5   8.71  #................... OK         41.6us
     5    0.205   54.4   8.65  #................... OK         41.1us
     6    0.210   54.4   8.61  .................... OK         41.0us
     7    0.211   54.4   8.62  .................... OK         38.4us
     8    0.212   54.4   8.62  .................... OK         38.5us
     9    0.212   54.4   8.61  .................... OK         38.3us
    10    0.213   54.4   8.61  .................... OK         48.9us
    11    0.212   54.4   8.62  .................... OK         39.5us
    12    0.212   54.4   8.61  .................... OK         40.0us
    13    0.211   54.4   8.61  .................... OK         40.3us
    14    0.212   54.4   8.61  .................... OK         42.7us
    15    0.212   54.4   8.61  .................... OK         40.3us
    16    0.210   54.4   8.61  .................... OK         43.8us
    17    0.212   54.4   8.62  .................... OK         39.7us
    18    0.210   54.4   8.62  .................... OK         42.5us
    19    0.212   54.4   8.61  .................... OK         38.7us
    20    0.211   54.4   8.61  .................... OK         38.4us
    21    0.211   54.4   8.61  .................... OK         38.7us
    22    0.211   54.4   8.62  .................... OK         40.5us
    23    0.211   54.4   8.61  .................... OK         43.1us
    24    0.211   54.4   8.61  .................... OK         40.8us
    25    0.213   54.4   8.62  .................... OK         40.8us
    26    0.211   54.4   8.61  .................... OK         41.6us
    27    0.211   54.4   8.61  .................... OK         40.4us
    28    0.210   54.4   8.61  .................... OK         41.5us
    29    0.211   54.4   8.61  .................... OK         39.5us
    30    0.211   54.4   8.62  .................... OK         42.8us
    31    0.211   54.4   8.61  .................... OK         40.2us
    32    0.212   54.3   8.61  .................... OK         38.7us
    33    0.213   54.3   8.61  .................... OK         39.2us
    34    0.209   54.3   8.62  .................... OK         40.6us
    35    0.211   54.3   8.62  .................... OK         40.0us
    36    0.211   54.3   8.61  .................... OK         40.5us
    37    0.212   54.3   8.61  .................... OK         43.1us
    38    0.212   54.3   8.62  .................... OK         40.0us
    39    0.212   54.3   8.62  .................... OK         43.0us
    40    0.212   54.3   8.62  .................... OK         41.5us
    41    0.212   54.3   8.61  .................... OK         38.2us
    42    0.210   54.3   8.62  .................... OK         39.2us
    43    0.211   54.3   8.61  .................... OK         40.2us
    44    0.210   54.3   8.62  .................... OK         40.0us
    45    0.211   54.3   8.61  .................... OK         41.0us
    46    0.211   54.3   8.61  .................... OK         39.6us
    47    0.212   54.3   8.61  .................... OK         38.8us
    48    0.211   54.3   8.61  .................... OK         39.4us
    49    0.212   54.3   8.61  .................... OK         40.4us
    50    0.211   54.3   8.62  .................... OK         41.9us  <- fault active
    51    0.533   54.3   8.61  #################### WARNING    39.0us  <- fault active
    52    0.533   54.3   8.61  #################### WARNING    39.8us  <- fault active
    53    0.533   54.3   8.61  #################### WARNING    40.7us  <- fault active
    54    0.533   54.3   8.61  #################### WARNING    38.4us  <- fault active
    55    0.533   54.3   8.61  #################### ALARM      39.0us  <- fault active
    56    0.532   54.3   8.62  #################### ALARM      39.0us  <- fault active
    57    0.533   54.3   8.61  #################### ALARM      39.8us  <- fault active
    58    0.532   54.3   8.62  #################### ALARM      43.1us  <- fault active
    59    0.533   54.3   8.61  #################### ALARM      40.4us  <- fault active
    60    0.533   54.3   8.62  #################### ALARM      40.3us  <- fault active
    61    0.534   54.3   8.62  #################### ALARM      39.8us  <- fault active
    62    0.533   54.3   8.61  #################### ALARM      37.5us  <- fault active
    63    0.532   54.3   8.62  #################### ALARM      39.0us  <- fault active
    64    0.532   54.3   8.61  #################### ALARM      39.3us  <- fault active
    65    0.532   54.3   8.61  #################### ALARM      41.2us  <- fault active
    66    0.532   54.3   8.61  #################### ALARM      38.6us  <- fault active
    67    0.534   54.2   8.61  #################### ALARM      38.3us  <- fault active
    68    0.531   54.2   8.61  #################### ALARM      40.0us  <- fault active
    69    0.532   54.2   8.62  #################### ALARM      40.2us  <- fault active
    70    0.533   54.2   8.61  #################### ALARM      40.2us  <- fault active
    71    0.532   54.2   8.61  #################### ALARM      43.4us  <- fault active
    72    0.533   54.2   8.61  #################### ALARM      37.7us  <- fault active
    73    0.533   54.2   8.61  #################### ALARM      39.1us  <- fault active
    74    0.534   54.2   8.61  #################### ALARM      40.1us  <- fault active
    75    0.534   54.2   8.61  #################### ALARM      38.4us  <- fault active
    76    0.533   54.2   8.61  #################### ALARM      39.7us  <- fault active
    77    0.532   54.2   8.62  #################### ALARM      39.6us  <- fault active
    78    0.534   54.2   8.61  #################### ALARM      38.8us  <- fault active
    79    0.534   54.2   8.61  #################### ALARM      37.2us  <- fault active
    80    0.533   54.2   8.61  #################### ALARM      41.3us  <- fault active
    81    0.533   54.2   8.61  #################### ALARM      43.1us  <- fault active
    82    0.532   54.2   8.62  #################### ALARM      38.2us  <- fault active
    83    0.534   54.2   8.62  #################### ALARM      40.0us  <- fault active
    84    0.532   54.2   8.61  #################### ALARM      38.8us  <- fault active
    85    0.533   54.2   8.62  #################### ALARM      38.2us
    86    0.212   54.2   8.61  .................... ALARM      39.6us
    87    0.211   54.2   8.61  .................... ALARM      39.5us
    88    0.212   54.2   8.61  .................... OK         40.0us
    89    0.212   54.2   8.61  .................... OK         39.0us
    90    0.211   54.2   8.61  .................... OK         40.8us
    91    0.212   54.2   8.61  .................... OK         39.9us
    92    0.212   54.2   8.61  .................... OK         40.2us
    93    0.212   54.2   8.62  .................... OK         39.6us
    94    0.211   54.2   8.61  .................... OK         38.6us
    95    0.211   54.2   8.61  .................... OK         38.6us
    96    0.211   54.2   8.61  .................... OK         40.8us
    97    0.211   54.2   8.61  .................... OK         37.1us
    98    0.210   54.2   8.61  .................... OK         42.5us
    99    0.211   54.2   8.61  .................... OK         38.9us
   100    0.212   54.2   8.61  .................... OK         44.2us
   101    0.212   54.2   8.61  .................... OK         40.1us
   102    0.211   54.2   8.61  .................... OK         39.8us
   103    0.211   54.2   8.62  .................... OK         38.5us
   104    0.212   54.2   8.62  .................... OK         40.2us
   105    0.211   54.2   8.61  .................... OK         41.1us
   106    0.211   54.2   8.61  .................... OK         38.5us
   107    0.212   54.2   8.62  .................... OK         43.3us
   108    0.210   54.2   8.61  .................... OK         41.3us
   109    0.211   54.2   8.62  .................... OK         38.8us
   110    0.211   54.2   8.61  .................... OK         38.2us
   111    0.211   54.2   8.61  .................... OK         36.6us
   112    0.212   54.2   8.61  .................... OK         39.7us
   113    0.211   54.2   8.61  .................... OK         38.8us
   114    0.211   54.1   8.61  .................... OK         38.9us
   115    0.211   54.1   8.62  .................... OK         38.9us
   116    0.211   54.1   8.61  .................... OK         38.3us
   117    0.211   54.1   8.62  .................... OK         40.3us
   118    0.212   54.1   8.61  .................... OK         38.1us
   119    0.211   54.1   8.61  .................... OK         38.8us
   120    0.212   54.1   8.61  .................... OK         36.3us  <- fault active
   121    0.212   54.1   8.61  .................... OK         38.9us  <- fault active
   122    0.215   54.1   8.61  ##.................. OK         40.8us  <- fault active
   123    0.214   54.1   8.62  ##.................. OK         38.2us  <- fault active
   124    0.214   54.1   8.61  ##.................. OK         40.1us  <- fault active
   125    0.216   54.1   8.61  ###................. OK         41.8us  <- fault active
   126    0.217   54.1   8.61  #####............... OK         41.5us  <- fault active
   127    0.217   54.1   8.61  #######............. OK         40.8us  <- fault active
   128    0.217   54.1   8.61  #########........... OK         40.1us  <- fault active
   129    0.218   54.1   8.61  ############........ WARNING    40.5us  <- fault active
   130    0.218   54.2   8.61  #############....... WARNING    39.3us  <- fault active
   131    0.221   54.2   8.62  #################### WARNING    44.9us  <- fault active
   132    0.222   54.2   8.62  #################### WARNING    41.0us  <- fault active
   133    0.224   54.2   8.61  #################### ALARM      38.9us  <- fault active
   134    0.224   54.2   8.61  #################### ALARM      40.8us  <- fault active
   135    0.224   54.2   8.61  #################### ALARM      40.3us  <- fault active
   136    0.228   54.2   8.61  #################### ALARM      39.5us  <- fault active
   137    0.228   54.2   8.61  #################### ALARM      39.4us  <- fault active
   138    0.230   54.2   8.61  #################### ALARM      40.3us  <- fault active
   139    0.232   54.2   8.62  #################### ALARM      42.3us  <- fault active
   140    0.236   54.2   8.62  #################### ALARM      39.1us  <- fault active
   141    0.235   54.2   8.61  #################### ALARM      42.0us  <- fault active
   142    0.238   54.2   8.62  #################### ALARM      38.8us  <- fault active
   143    0.238   54.2   8.61  #################### ALARM      42.2us  <- fault active
   144    0.244   54.2   8.61  #################### ALARM      41.3us  <- fault active
   145    0.244   54.2   8.61  #################### ALARM      40.4us  <- fault active
   146    0.244   54.2   8.82  #################### ALARM      39.9us  <- fault active
   147    0.245   54.2   8.62  #################### ALARM      42.4us  <- fault active
   148    0.249   54.2   8.62  #################### ALARM      40.8us  <- fault active
   149    0.253   54.2   8.61  #################### ALARM      41.6us  <- fault active
   150    0.254   54.2   8.61  #################### ALARM      39.0us  <- fault active
   151    0.254   54.3   8.62  #################### ALARM      41.2us  <- fault active
   152    0.254   54.3   8.62  #################### ALARM      39.1us  <- fault active
   153    0.262   54.3   8.61  #################### ALARM      40.3us  <- fault active
   154    0.264   54.3   8.62  #################### ALARM      39.9us  <- fault active
   155    0.265   54.3   8.61  #################### ALARM      39.5us  <- fault active
   156    0.273   54.3   8.62  #################### ALARM      42.2us  <- fault active
   157    0.269   54.3   8.61  #################### ALARM      41.0us  <- fault active
   158    0.271   54.3   8.61  #################### ALARM      40.1us  <- fault active
   159    0.278   54.3   8.62  #################### ALARM      43.2us  <- fault active
   160    0.277   54.3   8.61  #################### ALARM      42.0us  <- fault active
   161    0.282   54.3   8.62  #################### ALARM      41.1us  <- fault active
   162    0.287   54.3   8.61  #################### ALARM      42.0us  <- fault active
   163    0.284   54.4   8.61  #################### ALARM      43.3us  <- fault active
   164    0.289   54.4   8.61  #################### ALARM      39.4us  <- fault active
   165    0.289   54.4   8.61  #################### ALARM      39.7us  <- fault active
   166    0.294   54.4   8.62  #################### ALARM      39.5us  <- fault active
   167    0.292   54.4   8.61  #################### ALARM      40.1us  <- fault active
   168    0.296   54.4   8.61  #################### ALARM      39.6us  <- fault active
   169    0.304   54.4   8.61  #################### ALARM      40.5us  <- fault active
   170    0.304   54.4   8.61  #################### ALARM      41.1us
   171    0.211   54.4   8.61  .................... ALARM      40.0us
   172    0.212   54.4   8.61  .................... ALARM      39.8us
   173    0.211   54.4   8.61  .................... OK         41.0us
   174    0.212   54.4   8.61  .................... OK         39.2us
   175    0.211   54.4   8.61  .................... OK         40.6us
   176    0.211   54.4   8.61  .................... OK         41.4us
   177    0.212   54.4   8.61  .................... OK         39.0us
   178    0.212   54.4   8.61  .................... OK         40.6us
   179    0.212   54.4   8.62  .................... OK         38.2us
   180    0.213   54.4   8.61  .................... OK         40.7us

alert history
  ALARM   55.0 s ->   88.0 s  peak score 22.78
  ALARM  133.0 s ->  173.0 s  peak score 320.11

windows 359, inference p50 40.3 us p99 47.3 us, pipeline p50 411.8 us, CPU 2.3 % of one core (includes terminal printing), max lateness 9.2 ms
