fs = 250 Hz
  zscore       recall 0.08 (2/25) false 7 PR-AUC 0.596 feature p50 41.9 us RTF 3635x
  pca          recall 0.48 (12/25) false 7 PR-AUC 0.702 feature p50 40.3 us RTF 3653x
  iforest      recall 0.36 (9/25) false 2 PR-AUC 0.684 feature p50 40.8 us RTF 2679x
  autoencoder  recall 0.84 (21/25) false 11 PR-AUC 0.790 feature p50 41.2 us RTF 3543x
fs = 500 Hz
  zscore       recall 0.28 (7/25) false 7 PR-AUC 0.707 feature p50 47.0 us RTF 3683x
  pca          recall 0.68 (17/25) false 7 PR-AUC 0.824 feature p50 46.1 us RTF 3702x
  iforest      recall 0.48 (12/25) false 2 PR-AUC 0.752 feature p50 46.7 us RTF 2753x
  autoencoder  recall 0.80 (20/25) false 7 PR-AUC 0.853 feature p50 46.2 us RTF 3629x
fs = 1000 Hz
  zscore       recall 0.32 (8/25) false 7 PR-AUC 0.768 feature p50 62.2 us RTF 3237x
  pca          recall 0.72 (18/25) false 7 PR-AUC 0.852 feature p50 62.8 us RTF 3054x
  iforest      recall 0.56 (14/25) false 2 PR-AUC 0.776 feature p50 63.2 us RTF 2380x
  autoencoder  recall 0.72 (18/25) false 6 PR-AUC 0.863 feature p50 62.9 us RTF 3081x
fs = 2000 Hz
  zscore       recall 0.40 (10/25) false 7 PR-AUC 0.766 feature p50 92.5 us RTF 2646x
  pca          recall 0.72 (18/25) false 7 PR-AUC 0.852 feature p50 92.6 us RTF 2595x
  iforest      recall 0.72 (18/25) false 2 PR-AUC 0.770 feature p50 92.8 us RTF 2094x
  autoencoder  recall 0.68 (17/25) false 7 PR-AUC 0.839 feature p50 92.8 us RTF 2556x
wrote results/sampling_rate_sweep.json in 135 s
